// Jest Snapshot v1, https://goo.gl/fbAQLP

exports[`Calculator Component matches the snapshot 1`] = `
<div
  className="calculator"
>
  <div
    className="calculator__display auto-scaling-text"
  >
    <div
      className="auto-scaling-text"
      style={
        Object {
          "transform": "scale(1,1)",
        }
      }
    >
      0
    </div>
  </div>
  <table>
    <tbody>
      <tr>
        <td>
          <button
            className="calculator__key calculator__func"
            onClick={[Function]}
          >
            AC
          </button>
        </td>
        <td>
          <button
            className="calculator__key calculator__func"
            onClick={[Function]}
          >
            ±
          </button>
        </td>
        <td>
          <button
            className="calculator__key calculator__func"
            onClick={[Function]}
          >
            %
          </button>
        </td>
        <td>
          <button
            className="calculator__key calculator__oper"
            onClick={[Function]}
          >
            ÷
          </button>
        </td>
      </tr>
      <tr>
        <td>
          <button
            className="calculator__key"
            onClick={[Function]}
          >
            7
          </button>
        </td>
        <td>
          <button
            className="calculator__key"
            onClick={[Function]}
          >
            8
          </button>
        </td>
        <td>
          <button
            className="calculator__key"
            onClick={[Function]}
          >
            9
          </button>
        </td>
        <td>
          <button
            className="calculator__key calculator__oper"
            onClick={[Function]}
          >
            x
          </button>
        </td>
      </tr>
      <tr>
        <td>
          <button
            className="calculator__key"
            onClick={[Function]}
          >
            4
          </button>
        </td>
        <td>
          <button
            className="calculator__key"
            onClick={[Function]}
          >
            5
          </button>
        </td>
        <td>
          <button
            className="calculator__key"
            onClick={[Function]}
          >
            6
          </button>
        </td>
        <td>
          <button
            className="calculator__key calculator__oper"
            onClick={[Function]}
          >
            -
          </button>
        </td>
      </tr>
      <tr>
        <td>
          <button
            className="calculator__key"
            onClick={[Function]}
          >
            1
          </button>
        </td>
        <td>
          <button
            className="calculator__key"
            onClick={[Function]}
          >
            2
          </button>
        </td>
        <td>
          <button
            className="calculator__key"
            onClick={[Function]}
          >
            3
          </button>
        </td>
        <td>
          <button
            className="calculator__key calculator__oper"
            onClick={[Function]}
          >
            +
          </button>
        </td>
      </tr>
      <tr>
        <td
          colSpan="2"
        >
          <button
            className="calculator__key calculator__key0"
            onClick={[Function]}
          >
            0
          </button>
        </td>
        <td>
          <button
            className="calculator__key"
            onClick={[Function]}
          >
            .
          </button>
        </td>
        <td>
          <button
            className="calculator__key calculator__oper"
            onClick={[Function]}
          >
            =
          </button>
        </td>
      </tr>
    </tbody>
  </table>
</div>
`;
